// Jest Snapshot v1, https://goo.gl/fbAQLP

exports[`AllPets test render AllPets successfully  1`] = `
<div>
  <div
    class="container"
  >
    <div>
      <div
        class="navContainer"
      >
        <header
          class="navContainer"
        >
          <nav>
            <a
              class="navIcon"
              href="/"
            >
              PurrPet
            </a>
          </nav>
          <nav>
            <ul
              class="navList"
            >
              <li
                class="navItem"
              >
                <a
                  class="link"
                  href="/aboutus"
                >
                  About Us
                </a>
              </li>
              <li
                class="navItem"
              >
                <a
                  class="link"
                  href="/allpets"
                >
                  All Pets
                </a>
              </li>
              <li
                class="navItem"
              >
                <a
                  class="link"
                  href="/category"
                >
                  Categories
                </a>
              </li>
              <li
                class="navItem"
              >
                <a
                  class="link"
                  href="/contactus"
                >
                  Contact Us
                </a>
              </li>
            </ul>
          </nav>
        </header>
      </div>
    </div>
    <div
      class="board"
    >
      <div
        class="postBoard"
      >
        <ul
          class="postList"
        >
          <div
            class="container"
          >
            <div
              class="postText"
            >
              <h3>
                <a
                  class="link"
                  href="/posts/1"
                >
                  Mel
                </a>
              </h3>
              <p>
                1 year
                 - 
                Female
              </p>
            </div>
            <div
              class="postImg"
            >
              <img
                src="https://images.unsplash.com/photo-1605559141066-1549783d18e9?ixid=MnwxMjA3fDB8MHxwaG90by1wYWdlfHx8fGVufDB8fHx8&ixlib=rb-1.2.1&auto=format&fit=crop&w=400&q=250"
              />
            </div>
          </div>
        </ul>
      </div>
    </div>
  </div>
</div>
`;
