// Jest Snapshot v1, https://goo.gl/fbAQLP

exports[`test nav bar render NavBar successfully 1`] = `
<div>
  <div
    class="navContainer"
  >
    <header
      class="navContainer"
    >
      <nav>
        <a
          class="navIcon"
          href="/"
        >
          PurrPet
        </a>
      </nav>
      <nav>
        <ul
          class="navList"
        >
          <li
            class="navItem"
          >
            <a
              class="link"
              href="/aboutus"
            >
              About Us
            </a>
          </li>
          <li
            class="navItem"
          >
            <a
              class="link"
              href="/allpets"
            >
              All Pets
            </a>
          </li>
          <li
            class="navItem"
          >
            <a
              class="link"
              href="/category"
            >
              Categories
            </a>
          </li>
          <li
            class="navItem"
          >
            <a
              class="link"
              href="/contactus"
            >
              Contact Us
            </a>
          </li>
        </ul>
      </nav>
    </header>
  </div>
</div>
`;
