// Jest Snapshot v1, https://goo.gl/fbAQLP

exports[`renders HomePage Correctly 1`] = `
<div>
  <div>
    <div>
      <div
        class="navContainer"
      >
        <header
          class="navContainer"
        >
          <nav>
            <a
              class="navIcon"
              href="/"
            >
              PurrPet
            </a>
          </nav>
          <nav>
            <ul
              class="navList"
            >
              <li
                class="navItem"
              >
                <a
                  class="link"
                  href="/aboutus"
                >
                  About Us
                </a>
              </li>
              <li
                class="navItem"
              >
                <a
                  class="link"
                  href="/allpets"
                >
                  All Pets
                </a>
              </li>
              <li
                class="navItem"
              >
                <a
                  class="link"
                  href="/category"
                >
                  Categories
                </a>
              </li>
              <li
                class="navItem"
              >
                <a
                  class="link"
                  href="/contactus"
                >
                  Contact Us
                </a>
              </li>
            </ul>
          </nav>
        </header>
      </div>
    </div>
    <div
      class="categoryBoard"
    >
      <div
        class="container"
      >
        <h3
          class="categoryTitle"
        >
          All Pet Categories
        </h3>
        <ul
          class="listContainer"
        >
          <h4>
            <a
              class="category"
              href="/category/Husky"
            >
              Husky
            </a>
          </h4>
        </ul>
      </div>
    </div>
  </div>
</div>
`;
