// Jest Snapshot v1, https://goo.gl/fbAQLP

exports[`post test render PostItem successfully  1`] = `
<div>
  <div
    class="container"
  >
    <div
      class="postText"
    >
      <h3>
        <a
          class="link"
          href="/posts/1"
        >
          Mel
        </a>
      </h3>
      <p>
        1 year
         - 
        Female
      </p>
    </div>
    <div
      class="postImg"
    >
      <img
        src="https://images.unsplash.com/photo-1605559141066-1549783d18e9?ixid=MnwxMjA3fDB8MHxwaG90by1wYWdlfHx8fGVufDB8fHx8&ixlib=rb-1.2.1&auto=format&fit=crop&w=400&q=250"
      />
    </div>
  </div>
</div>
`;
